../Core/Src/I2C_LCD_Src/I2C_LCD.c:70:13:I2C_LCD_ExpanderWrite	40	static
../Core/Src/I2C_LCD_Src/I2C_LCD.c:76:13:I2C_LCD_EnPulse	40	static
../Core/Src/I2C_LCD_Src/I2C_LCD.c:85:13:I2C_LCD_Write4Bits	16	static
../Core/Src/I2C_LCD_Src/I2C_LCD.c:91:13:I2C_LCD_Send	32	static
../Core/Src/I2C_LCD_Src/I2C_LCD.c:99:13:I2C_LCD_Cmd	16	static
../Core/Src/I2C_LCD_Src/I2C_LCD.c:104:13:I2C_LCD_Data	16	static
../Core/Src/I2C_LCD_Src/I2C_LCD.c:127:6:I2C_LCD_DisplayMotorFormat	40	static
../Core/Src/I2C_LCD_Src/I2C_LCD.c:155:6:I2C_LCD_Init	56	static
../Core/Src/I2C_LCD_Src/I2C_LCD.c:176:6:I2C_LCD_Clear	16	static
../Core/Src/I2C_LCD_Src/I2C_LCD.c:182:6:I2C_LCD_Home	40	static
../Core/Src/I2C_LCD_Src/I2C_LCD.c:188:6:I2C_LCD_SetCursor	40	static
../Core/Src/I2C_LCD_Src/I2C_LCD.c:198:6:I2C_LCD_WriteChar	16	static
../Core/Src/I2C_LCD_Src/I2C_LCD.c:203:6:I2C_LCD_WriteString	16	static
../Core/Src/I2C_LCD_Src/I2C_LCD.c:211:6:I2C_LCD_ShiftLeft	16	static
../Core/Src/I2C_LCD_Src/I2C_LCD.c:216:6:I2C_LCD_ShiftRight	16	static
../Core/Src/I2C_LCD_Src/I2C_LCD.c:221:6:I2C_LCD_Backlight	16	static
../Core/Src/I2C_LCD_Src/I2C_LCD.c:227:6:I2C_LCD_NoBacklight	16	static
../Core/Src/I2C_LCD_Src/I2C_LCD.c:233:6:I2C_LCD_Display	16	static
../Core/Src/I2C_LCD_Src/I2C_LCD.c:239:6:I2C_LCD_NoDisplay	16	static
../Core/Src/I2C_LCD_Src/I2C_LCD.c:245:6:I2C_LCD_Cursor	16	static
../Core/Src/I2C_LCD_Src/I2C_LCD.c:251:6:I2C_LCD_NoCursor	16	static
../Core/Src/I2C_LCD_Src/I2C_LCD.c:257:6:I2C_LCD_Blink	16	static
../Core/Src/I2C_LCD_Src/I2C_LCD.c:263:6:I2C_LCD_NoBlink	16	static
../Core/Src/I2C_LCD_Src/I2C_LCD.c:269:6:I2C_LCD_CreateCustomChar	24	static
../Core/Src/I2C_LCD_Src/I2C_LCD.c:279:6:I2C_LCD_PrintCustomChar	16	static
