../Core/Src/main.c:112:5:main	8	static
../Core/Src/main.c:212:6:SystemClock_Config	136	static
../Core/Src/main.c:258:13:MX_ADC_Init	16	static
../Core/Src/main.c:314:13:MX_I2C1_Init	8	static
../Core/Src/main.c:359:13:MX_TIM2_Init	48	static
../Core/Src/main.c:418:13:MX_TIM3_Init	64	static
../Core/Src/main.c:468:13:MX_TIM21_Init	32	static
../Core/Src/main.c:510:13:MX_USART2_UART_Init	8	static
../Core/Src/main.c:541:13:MX_DMA_Init	16	static
../Core/Src/main.c:553:13:MX_GPIO_Init	48	static
../Core/Src/main.c:598:6:HAL_TIM_PeriodElapsedCallback	24	static
../Core/Src/main.c:634:6:HAL_GPIO_EXTI_Callback	24	static
../Core/Src/main.c:661:6:Error_Handler	8	static,ignoring_inline_asm
